<html>
<body>
<pre>
<h1>µVision Build Log</h1>
<h2>Project:</h2>
C:\Users\ASUS\Desktop\¶ã±ÜÇò\Project\RVMDK£¨uv5£©\BH-F103.uvprojx
Project File Date:  05/04/2020

<h2>Output:</h2>
Build target 'LCD'
compiling main.c...
..\..\User\main.c(136): warning:  #223-D: function "rand" declared implicitly
                enemy1.x=rand()%200+20;
..\..\User\main.c(147): warning:  #223-D: function "rand" declared implicitly
                enemy2.x=rand()%200+20;
..\..\User\main.c(158): warning:  #223-D: function "rand" declared implicitly
                enemy3.x=rand()%200+20;
..\..\User\main.c(169): warning:  #223-D: function "rand" declared implicitly
                enemy4.x=rand()%200+20;
..\..\User\main.c(276): warning:  #225-D: the format string ends before this argument
                        sprintf(dispBuff,"      GAME OVER      ",game.Life);
..\..\User\main.c(217): warning:  #177-D: variable "i" was declared but never referenced
        u16 i;  
..\..\User\main.c: 6 warnings, 0 errors
linking...
Program Size: Code=10328 RO-data=15536 RW-data=112 ZI-data=1240  
FromELF: creating hex file...
"..\..\Output\Template.axf" - 0 Error(s), 6 Warning(s).
</pre>
</body>
</html>
I-data=1240  
FromELF: creating hex file...
"..\..\Output\Template.axf" - 0 Error(s), 7 Warning(s).
