<html>
<body>
<pre>
<h1>礦ision Build Log</h1>
<h2>Project:</h2>
C:\Users\ASUS\Desktop\我的贪吃蛇游戏_两个键控制\Project\RVMDK（uv5）\BH-F103.uvprojx
Project File Date:  05/04/2020

<h2>Output:</h2>
Rebuild target 'LCD'
assembling startup_stm32f10x_hd.s...
compiling core_cm3.c...
compiling system_stm32f10x.c...
compiling misc.c...
compiling stm32f10x_adc.c...
compiling stm32f10x_bkp.c...
compiling stm32f10x_can.c...
compiling stm32f10x_cec.c...
compiling stm32f10x_crc.c...
compiling stm32f10x_dac.c...
compiling stm32f10x_dbgmcu.c...
compiling stm32f10x_dma.c...
compiling stm32f10x_exti.c...
compiling stm32f10x_flash.c...
compiling stm32f10x_fsmc.c...
compiling stm32f10x_gpio.c...
compiling stm32f10x_i2c.c...
compiling stm32f10x_iwdg.c...
compiling stm32f10x_pwr.c...
compiling stm32f10x_rcc.c...
compiling stm32f10x_rtc.c...
compiling stm32f10x_sdio.c...
compiling stm32f10x_spi.c...
compiling stm32f10x_tim.c...
compiling stm32f10x_usart.c...
compiling stm32f10x_wwdg.c...
compiling main.c...
..\..\User\main.c(17): warning:  #260-D: explicit type is missing ("int" assumed)
  extern mk;
..\..\User\main.c(158): warning:  #223-D: function "rand" declared implicitly
                food0.X=rand()%(200/10)*10;
..\..\User\main.c(167): warning:  #223-D: function "rand" declared implicitly
                food1.X=rand()%(200/10)*10;
..\..\User\main.c(191): warning:  #223-D: function "rand" declared implicitly
                        poison1.X=rand()%(200/10)*10+40;
..\..\User\main.c(206): warning:  #223-D: function "rand" declared implicitly
                        poison2.X=rand()%(200/10)*10+40;
..\..\User\main.c(233): warning:  #223-D: function "rand" declared implicitly
                wall0.length=rand()%40+20;
..\..\User\main.c(248): warning:  #223-D: function "rand" declared implicitly
                wall1.length=rand()%40+20;
..\..\User\main.c: 7 warnings, 0 errors
compiling stm32f10x_it.c...
compiling bsp_ili9341_lcd.c...
compiling bsp_usart.c...
..\..\User\usart\bsp_usart.c(99): warning:  #1-D: last line of file ends without a newline
    
..\..\User\usart\bsp_usart.c: 1 warning, 0 errors
compiling fonts.c...
compiling bsp_adc.c...
compiling bsp_led.c...
compiling bsp_i2c_ee.c...
compiling bsp_i2c_gpio.c...
compiling bsp_GeneralTim.c...
compiling bsp_AdvanceTim.c...
compiling bsp_SysTick.c...
compiling bsp_exti.c...
compiling bsp_key.c...
compiling bsp_spi_flash.c...
compiling bsp_beep.c...
linking...
Program Size: Code=11712 RO-data=15536 RW-data=172 ZI-data=1388  
FromELF: creating hex file...
"..\..\Output\Template.axf" - 0 Error(s), 8 Warning(s).
</pre>
</body>
</html>
