<html>
<body>
<pre>
<h1>µVision Build Log</h1>
<h2>Project:</h2>
C:\Users\ASUS\Desktop\ÏÂ100²ã\Project\RVMDK£¨uv5£©\BH-F103.uvprojx
Project File Date:  05/04/2020

<h2>Output:</h2>
Build target 'LCD'
compiling main.c...
..\..\User\main.c(240): warning:  #223-D: function "rand" declared implicitly
                stage1.x=rand()%200;
..\..\User\main.c(251): warning:  #223-D: function "rand" declared implicitly
                stage2.x=rand()%200;
..\..\User\main.c(262): warning:  #223-D: function "rand" declared implicitly
                stage3.x=rand()%200;
..\..\User\main.c(273): warning:  #223-D: function "rand" declared implicitly
                stage4.x=rand()%200;
..\..\User\main.c(284): warning:  #223-D: function "rand" declared implicitly
                stage5.x=rand()%200;
..\..\User\main.c(356): warning:  #225-D: the format string ends before this argument
                        sprintf(dispBuff,"           GAME OVER      ",game.Life);
..\..\User\main.c(303): warning:  #177-D: variable "i" was declared but never referenced
        u16 i;  
..\..\User\main.c: 7 warnings, 0 errors
linking...
Program Size: Code=11116 RO-data=15536 RW-data=124 ZI-data=1204  
FromELF: creating hex file...
"..\..\Output\Template.axf" - 0 Error(s), 7 Warning(s).
</pre>
</body>
</html>
